# libc.map — libc.so 导出符号版本脚本
#
# 规则：头文件即契约 + 跨 .so 引用。
#   - global: user/include/** 下声明且 libc.so 实际定义的符号，全部导出
#   - 必要的 __ 事实 ABI 符号（crt0/assert/errno 跨 .so 调用）显式列入
#   - local: *; 兜底：所有未列入 global 的符号（内部实现、_Z mangled、
#     __libc_run_*、__pthread_key_*、kvfmt_*、atexit_* 等）一律 hidden
#
# 单版本节点 LIBC_1.0；将来 Proton 二进制兼容需要符号版本时加 GLIBC_2.x 节点。

LIBC_1.0 {
global:
    /* <stdio.h> — musl upstream src/stdio (musl_stdio_objs, stdio.md). FILE is
     * musl's struct _IO_FILE; the full narrow-char stdio family now ships:
     * printf/scanf engines + wrappers, byte getc/putc family + *_unlocked,
     * fopen/fclose/fread/fwrite/fseek/ftell + fseeko/ftello, getdelim/getline,
     * open_memstream/fmemopen/fopencookie, flockfile/..., asprintf/vasprintf.
     * stdin/stdout/stderr are OBJECT symbols (musl stdin.c/stdout.c/stderr.c).
     * Deliberately NOT exported (stay hidden under local: *;):
     *   rename        — in musl_unistd_objs (unistd block below), not re-listed here
     *   dprintf/vdprintf — musl native stdio impl (routes through vfprintf); not
     *                   public. The loader resolves to them but no app consumer
     *                   needs them exported.
     *   __isoc99_x / _IO_x / __getdelim / x_used — internal aliases (weak_alias), no
     *                   consumer references them (not declared in <stdio.h>)
     *   wide-char w* family (fwprintf/fgetwc/wscanf/...) — NOW exported under the
     *                   <wchar.h> block below (musl_stdio_objs compiles them; deps
     *                   satisfied by musl_wchar_objs + musl_time_objs). Only the
     *                   *_unlocked and __isoc99_* aliases stay hidden here. */
    asprintf; clearerr; clearerr_unlocked; ctermid; fclose; fdopen; feof;
    feof_unlocked; ferror; ferror_unlocked; fflush; fflush_unlocked; fgetc;
    fgetc_unlocked; fgetln; fgetpos; fgets; fgets_unlocked; fileno;
    fileno_unlocked; flockfile; fmemopen; fopen; fopencookie; fprintf; fputc;
    fputc_unlocked; fputs; fputs_unlocked; fread; fread_unlocked; freopen;
    fscanf; fseek; fseeko; fsetpos; ftell; ftello; ftrylockfile; funlockfile;
    fwrite; fwrite_unlocked; getc; getchar; getchar_unlocked; getc_unlocked;
    getdelim; getline; gets; getw; open_memstream; perror; printf; putc;
    putchar; putchar_unlocked; putc_unlocked; puts; putw; remove; rewind;
    scanf; setbuf; setbuffer; setlinebuf; setvbuf; snprintf; sprintf; sscanf;
    stdin; stdout; stderr; ungetc; vasprintf; vfprintf; vfscanf; vprintf;
    vscanf; vsnprintf; vsprintf; vsscanf;

    /* <stdlib.h> — pure compute + startup/env/exit chain from musl_stdlib_objs
     * (stdlib.md). abs/labs/llabs/imaxabs/imaxdiv/div/ldiv/lldiv, atoi/atol/
     * atoll, strtol/strtoul/strtoll/strtoull/strtoimax/strtoumax, strtod/strtof/
     * strtold/atof, qsort/bsearch, rand/srand/rand_r, getenv/setenv/putenv/
     * unsetenv/clearenv/environ, exit/atexit/abort/quick_exit/at_quick_exit/
     * _Exit, __libc_start_main all come from musl upstream now. */
    abs; atexit; atoi; atol; atoll; calloc; exit; free; labs; llabs;
    malloc; qsort; bsearch; rand; rand_r; realloc; srand; strtol; strtoul;
    strtoll; strtoull; strtod; strtof; strtold; atof; div; ldiv; lldiv;
    imaxabs; imaxdiv; strtoimax; strtoumax;
    getenv; setenv; putenv; unsetenv; clearenv; environ;
    _Exit; quick_exit; at_quick_exit; __cxa_atexit; __cxa_finalize;
    /* aligned allocation family — musl src/malloc/{aligned_alloc,memalign,
     * posix_memalign,reallocarray}.c (musl_malloc_objs). C11 aligned_alloc +
     * the posix/gnu companions; needed by C++ runtimes (libc++abi's operator
     * new(std::align_val_t) routes to aligned_alloc) and by cross-built
     * consumers that link -lc. */
    aligned_alloc; memalign; posix_memalign; reallocarray;
    mkstemp; mktemp; realpath;

    /* <string.h> — musl upstream (src/string/* + x86_64 asm memcpy/memmove/memset
     * + src/misc basename). The extension symbols musl compiles but we do NOT
     * list here (stpncpy/memrchr/strsep/strlcpy/strlcat/memccpy/mempcpy/
     * strchrnul/strcasestr/strverscmp/ffsl/ffsll/swab) are intentionally
     * unexported — `local: *;` hides them from the dynsym. strcoll/strxfrm/
     * strcoll_l/strxfrm_l live in src/locale/ (built + exported by the
     * <locale.h> block below — musl_locale_objs); strcasecmp_l/strncasecmp_l
     * are still NOT compiled (musl has them in src/locale/strcasecmp_l.c,
     * 0 callers, out of the locale tier's scope) so they stay declare-only.
     * stpcpy IS exported (Mesa vtn_opencl.c's stpcpy path links against it). */
    bzero; bcmp; bcopy; index; rindex; memcmp; memcpy; memmove; memset;
    memchr; memmem; strcat; strchr; strcmp; strcpy; strcspn; strdup;
    strerror; strerror_r; strerror_l; strlen; strncat; strncmp; strncpy; strndup;
    stpcpy;
    strpbrk; strrchr; strspn; strstr; strtok; strtok_r;
    strverscmp;
    /* strsignal — musl src/string/strsignal.c, built in musl_signal_objs (not
     * musl_string_objs, which excludes it); psignal depends on it. Declared by
     * <string.h> under _GNU_SOURCE. */
    strsignal;
    basename;
    dirname;

    /* <regex.h> + <fnmatch.h> - musl src/regex. glob/globfree are excluded
     * until the passwd database APIs required by GLOB_TILDE are migrated. */
    regcomp; regexec; regerror; regfree;
    fnmatch;

    /* <strings.h> */
    ffs; strcasecmp; strncasecmp;

    /* <unistd.h> */
    access; faccessat; close; dup; dup2; _exit; ftruncate; getcwd; getpid; gettid;
    ioperm; isatty; lseek; memfd_create; mkdir; open; pipe; pipe2; read;
    rmdir; sched_yield; sleep; ttyname; ttyname_r; unlink; unlinkat; rename; renameat;
    usleep; write;
    sendfile; /* <sys/sendfile.h> — musl src/linux/sendfile.c, thin SYS_sendfile wrapper. */
    chdir; fchdir;
    utimensat;
    symlink; symlinkat; readlinkat;
    link; linkat;
    getuid; geteuid; getgid; getegid; getppid; getpgrp; umask;
    gethostname; sethostname; alarm; pause;
    setitimer;
    truncate; fsync; sync;
    getpagesize; sysconf;
    pathconf; fpathconf;
    nice; getpriority; setpriority;
    chown; fchown; fchownat; readlink;
    /* M1.1 — set*id ladder + getgroups (unistd.md §2.A1/A2). */
    setresuid; setresgid; setreuid; setregid; seteuid; setegid; getgroups;

    /* <fcntl.h> */
    openat; fcntl; posix_fallocate;

    /* <sys/file.h> */
    flock;

    /* <sys/uio.h> — musl src/unistd/{readv,writev}.c, compiled but hidden by local:* */
    readv; writev;

    /* <sys/socket.h> */
    accept4;
    socket; socketpair; accept; connect; bind; listen; shutdown;
    getsockname; getpeername; getsockopt; setsockopt;
    send; recv; sendto; recvfrom; sendmsg; recvmsg;

    /* <ctype.h> — musl src/ctype/{isalnum,isalpha,isblank,iscntrl,isdigit,
     * isgraph,islower,isprint,ispunct,isspace,isupper,isxdigit,tolower,toupper,
     * isascii,toascii}.c (musl_ctype_objs, narrow set). The _l variants are
     * weak_alias(__<fn>_l, <fn>_l) per file; both plain + _l need entries to
     * export. The wide isw / wctype set is in musl_wchar_objs (see below). */
    isalnum; isalpha; isascii; isblank; iscntrl; isdigit; isgraph;
    islower; isprint; ispunct; isspace; isupper; isxdigit; tolower;
    toupper;
    isalnum_l; isalpha_l; isblank_l; iscntrl_l; isdigit_l; isgraph_l;
    islower_l; isprint_l; ispunct_l; isspace_l; isupper_l; isxdigit_l;
    tolower_l; toupper_l;

    /* <math.h> + <fenv.h> — musl src/math + src/fenv merged into libc (musl single-libc philosophy; libm.so is an empty -lm stub). */
    fesetround; fegetexceptflag; fesetexceptflag; feholdexcept; feupdateenv;
    __flt_rounds;
    acos;
    acosf;
    acosh;
    acoshf;
    acoshl;
    acosl;
    asin;
    asinf;
    asinh;
    asinhf;
    asinhl;
    asinl;
    atan;
    atan2;
    atan2f;
    atan2l;
    atanf;
    atanh;
    atanhf;
    atanhl;
    atanl;
    cbrt;
    cbrtf;
    cbrtl;
    ceil;
    ceilf;
    ceill;
    copysign;
    copysignf;
    copysignl;
    cos;
    cosf;
    cosh;
    coshf;
    coshl;
    cosl;
    drem;
    dremf;
    erf;
    erfc;
    erfcf;
    erfcl;
    erff;
    erfl;
    exp;
    exp10;
    exp10f;
    exp10l;
    exp2;
    exp2f;
    exp2l;
    expf;
    expl;
    expm1;
    expm1f;
    expm1l;
    fabs;
    fabsf;
    fabsl;
    fdim;
    fdimf;
    fdiml;
    feclearexcept;
    fegetenv;
    fegetround;
    feraiseexcept;
    fesetenv;
    fetestexcept;
    finite;
    finitef;
    floor;
    floorf;
    floorl;
    fma;
    fmaf;
    fmal;
    fmax;
    fmaxf;
    fmaxl;
    fmin;
    fminf;
    fminl;
    fmod;
    fmodf;
    fmodl;
    frexp;
    frexpf;
    frexpl;
    hypot;
    hypotf;
    hypotl;
    ilogb;
    ilogbf;
    ilogbl;
    j0;
    j0f;
    j1;
    j1f;
    jn;
    jnf;
    ldexp;
    ldexpf;
    ldexpl;
    lgamma;
    lgammaf;
    lgammaf_r;
    lgammal;
    lgammal_r;
    lgamma_r;
    llrint;
    llrintf;
    llrintl;
    llround;
    llroundf;
    llroundl;
    log;
    log10;
    log10f;
    log10l;
    log1p;
    log1pf;
    log1pl;
    log2;
    log2f;
    log2l;
    logb;
    logbf;
    logbl;
    logf;
    logl;
    lrint;
    lrintf;
    lrintl;
    lround;
    lroundf;
    lroundl;
    modf;
    modff;
    modfl;
    nan;
    nanf;
    nanl;
    nearbyint;
    nearbyintf;
    nearbyintl;
    nextafter;
    nextafterf;
    nextafterl;
    nexttoward;
    nexttowardf;
    nexttowardl;
    pow;
    pow10;
    pow10f;
    pow10l;
    powf;
    powl;
    remainder;
    remainderf;
    remainderl;
    remquo;
    remquof;
    remquol;
    rint;
    rintf;
    rintl;
    round;
    roundf;
    roundl;
    scalb;
    scalbf;
    scalbln;
    scalblnf;
    scalblnl;
    scalbn;
    scalbnf;
    scalbnl;
    signgam;
    significand;
    significandf;
    sin;
    sincos;
    sincosf;
    sincosl;
    sinf;
    sinh;
    sinhf;
    sinhl;
    sinl;
    sqrt;
    sqrtf;
    sqrtl;
    tan;
    tanf;
    tanh;
    tanhf;
    tanhl;
    tanl;
    tgamma;
    tgammaf;
    tgammal;
    trunc;
    truncf;
    truncl;
    y0;
    y0f;
    y1;
    y1f;
    yn;
    ynf;


    /* <time.h> — musl upstream (src/time/* + src/locale/langinfo.c via
     * musl_time_objs, time.md). clock_getres, clock_getcpuclockid, times
     * have no kernel syscall impl and return -ENOSYS (0 callers). The timer
     * family is NOT built (deferred, see todo.md). wcsftime IS built (in
     * musl_wchar_objs — see the <wchar.h> block below; its time deps resolve
     * via the merged libc).
     * timespec_to_tm (repo non-std) is deleted. */
    clock; clock_gettime; clock_settime; clock_getres; clock_getcpuclockid;
    ctime; ctime_r; asctime; asctime_r;
    difftime; clock_nanosleep; gettimeofday; gmtime; gmtime_r; localtime;
    localtime_r; mktime; timegm; nanosleep; strftime; strftime_l; strptime;
    time; timespec_get; times; utime; ftime; getdate; getdate_err;
    timezone; daylight; tzname; tzset;

    /* <langinfo.h> — C-locale provider compiled into musl_time_objs
     * (src/locale/langinfo.c) for __asctime/strftime/strptime. */
    nl_langinfo; nl_langinfo_l;

    /* <signal.h> */
    kill; raise; sigaction; signal; sigreturn; sigprocmask; sigpending; abort;
    sigaltstack;
    /* sigset_t helpers from musl src/signal/*.c (128-byte sigset_t) */
    sigemptyset; sigfillset; sigaddset; sigdelset; sigismember;
    /* SIGRTMIN/SIGRTMAX macros expand to these (musl private, exported for dyn ELF) */
    __libc_current_sigrtmin; __libc_current_sigrtmax;
    /* Safe musl signal additions (musl_signal_objs): pure-userspace or thin-
     * syscall sources NOT defined in user/lib/signal.cc. sigaction/sigprocmask
     * they call route to the repo's musl_glue::__libc_sigaction adapter.
     * sigwait/sigwaitinfo/sigtimedwait/sigqueue/sigsuspend/sigpause are NOT
     * exported — they need SYS_rt_sigtimedwait/queueinfo/suspend the kernel
     * lacks (deferred, doc/design/todo.md). */
    killpg; sigorset; sigandset; sigisemptyset;
    sighold; sigignore; siginterrupt; sigrelse; sigset;
    siglongjmp; getitimer; psignal; psiginfo;

    /* <termios.h> */
    tcgetattr; tcsetattr;

    /* <dirent.h> */
    closedir; opendir; readdir; scandir;
    telldir; seekdir; rewinddir; dirfd; readdir_r;
    fdopendir; alphasort; versionsort; posix_getdents; getdents;

    /* <sys/resource.h> */
    getrlimit; setrlimit; getrusage; prlimit;

    /* <errno.h> */
    __errno_location;

    /* <assert.h> */
    __assert_fail;

    /* <setjmp.h> */
    setjmp; longjmp; _setjmp; _longjmp;

    /* <locale.h> — musl upstream (musl_locale_objs, src/locale/*). The 6 POSIX
     * locale managers + 4 collate functions (each + its _l weak_alias). All
     * pure-userspace, no kernel syscall; all collapse to the C locale at
     * runtime (no .mo catalog / no iconv in this OS — same C-locale policy as
     * strerror/langinfo). 0 in-tree callers; exported per the ctype/string/
     * wchar "export caller-less POSIX symbols" precedent so Mesa/libinput/
     * Proton-style consumers link cleanly. Scope decided via AskUserQuestion
     * (full POSIX locale management + collate). NOT exported (out of scope,
     * 0 callers, i18n-heavy): iconv/iconv_close, gettext family (textdomain/
     * bind_textdomain_codeset/dcngettext), strfmon, pleval.
     * strtof_l/strtod_l/strtold_l ARE now exported: libc++'s locale
     * __num_get_float calls them (they ignore the locale arg and delegate to
     * the plain strtof/strtod/strtold). strcoll/strxfrm/wcscoll/wcsxfrm are
     * also declared by <string.h>/<wchar.h> (see those blocks) but owned +
     * exported here. catopen/catgets/catclose ARE now exported: libc++'s
     * std::messages facet (do_open/do_get/do_close) calls them; musl catopen
     * returns (nl_catd)-1 when no catalog is found, so the C-locale no-catalog
     * policy holds at runtime. */
    setlocale; localeconv;
    newlocale; duplocale; freelocale; uselocale;
    strcoll; strcoll_l; strxfrm; strxfrm_l;
    wcscoll; wcscoll_l; wcsxfrm; wcsxfrm_l;
    strtof_l; strtod_l; strtold_l;
    __ctype_get_mb_cur_max;
    catopen; catgets; catclose;

    /* <sched.h> */
    sched_yield;

    /* <pthread.h> */
    pthread_attr_destroy; pthread_attr_getdetachstate;
    pthread_attr_getguardsize; pthread_attr_getstack;
    pthread_attr_getstacksize; pthread_attr_init;
    pthread_attr_setdetachstate; pthread_attr_setguardsize;
    pthread_attr_setstack; pthread_attr_setstacksize;
    pthread_barrier_destroy; pthread_barrier_init; pthread_barrier_wait;
    pthread_cancel;
    /* pthread_cleanup_push/pop are macros in musl <pthread.h>, not symbols */
    pthread_cond_broadcast; pthread_cond_destroy; pthread_cond_init;
    pthread_cond_signal; pthread_cond_wait; pthread_cond_timedwait;
    pthread_create; pthread_detach;
    pthread_equal; pthread_exit; pthread_getspecific; pthread_join;
    pthread_key_create; pthread_kill;
    pthread_mutexattr_destroy; pthread_mutexattr_gettype;
    pthread_mutexattr_init; pthread_mutexattr_settype;
    pthread_mutex_destroy; pthread_mutex_init; pthread_mutex_lock;
    pthread_mutex_timedlock; pthread_mutex_trylock; pthread_mutex_unlock;
    pthread_once; pthread_rwlock_destroy; pthread_rwlock_init;
    pthread_rwlock_rdlock; pthread_rwlock_unlock; pthread_rwlock_wrlock;
    pthread_self; pthread_setcancelstate; pthread_setcanceltype;
    pthread_setname_np; pthread_setspecific; pthread_sigmask;
    pthread_setschedparam; pthread_getschedparam; pthread_getcpuclockid;
    pthread_testcancel;

    /* TLS — musl src/thread/__tls_get_addr.c (musl_pthread). __tls_get_addr is
     * the Itanium C++ ABI TLS-access helper (emitted by clang for
     * thread_local with dynamic-initialization TLS models); libc++abi's
     * __cxa_thread_atexit / per-thread static dtors reference it. A __-prefixed
     * ABI symbol, exported because cross-built C++ runtimes link against it. */
    __tls_get_addr;

    /* compiler-rt int128 runtime — vendored third_party/llvm-project/compiler-rt
     * /lib/builtins/{divti3,udivmodti4,udivti3,umodti3,muloti4}.c
     * (modules/compiler_rt.cmake). clang lowers __int128 div/mul to these; musl
     * does not provide them. libc++ <filesystem> (operations.cpp timestamps,
     * int128_builtins.cpp __muloti4) references them. Folded into libc so every
     * static/dynamic consumer resolves them via -lc with no extra -l. */
    __divti3; __udivti3; __umodti3; __udivmodti4; __muloti4;

    /* <threads.h> — C11 threads. musl src/thread/{thrd,mtx,cnd,tss,call_once}_*.c
     * are pulled in by the src/thread/*.c glob in pthread.cmake (they alias the
     * pthread implementation: thrd_current/tss_get/thrd_detach are weak_alias of
     * __pthread_self_internal/__pthread_getspecific/__pthread_detach). thrd_equal
     * is a macro in musl <threads.h>, so it is not a symbol. */
    call_once;
    cnd_broadcast; cnd_destroy; cnd_init; cnd_signal; cnd_timedwait; cnd_wait;
    mtx_destroy; mtx_init; mtx_lock; mtx_timedlock; mtx_trylock; mtx_unlock;
    thrd_create; thrd_current; thrd_detach; thrd_exit; thrd_join;
    thrd_sleep; thrd_yield;
    tss_create; tss_delete; tss_get; tss_set;

    /* <sys/stat.h> */
    fstat; fstatat; lstat; mkdir; mkdirat; mknod; stat; statx;
    chmod; fchmod; fchmodat;

    /* <sys/statvfs.h> — src/stat/statvfs.c. libc++ filesystem::__space. */
    statvfs; fstatvfs;

    /* <sys/wait.h> */
    waitpid;

    /* <sys/mman.h> — musl upstream (src/mman/*.c via musl_mman_objs) + the
     * retained hand-written memfd_create (musl src/mman has none). mmap64 is
     * NOT a symbol: musl's <sys/mman.h> does `#define mmap64 mmap` (LFS
     * alias), so every mmap64 call site rewrites to mmap at preprocess time
     * and no object exports mmap64 — listing it here made the export check
     * fail under v1.2.6 (it was tolerated earlier only because a prior build
     * path defined it). msync/madvise/mlock/mlockall/munlock/munlockall/
     * mincore have no kernel handler (the syscall dispatch returns -ENOSYS)
     * but the symbols are exported so callers link; they return -1/ENOSYS at
     * runtime (POSIX-symbol-present / kernel-feature-absent middle state,
     * doc/design/todo.md). remap_file_pages is NOT built (musl mremap.c does
     * not define it). */
    memfd_create; mmap; munmap; mprotect; mremap; msync;
    madvise; posix_madvise; mincore;
    mlock; munlock; mlockall; munlockall;
    shm_open; shm_unlink;

    /* <uchar.h> — musl src/multibyte/{c16,c32}{rtomb,rtoc16,rtoc32}.c (thin
     * wrappers over wcrtomb/mbrtowc in musl_multibyte_objs). C11 char16_t/
     * char32_t conversion. */
    c16rtomb; mbrtoc16; c32rtomb; mbrtoc32;

    /* <wctype.h> — musl src/ctype/{isw*,iswctype,wctrans,towctrans,wcwidth,
     * wcswidth}.c. Pure compute; locale_t pass-through (the _l variants forward
     * to the non-_l). The narrow ctype set (isalnum/tolower/...) is built in
     * musl_ctype_objs (see the <ctype.h> block above), NOT here. iswdigit is
     * both a real function (iswdigit.c) and a macro in <wchar.h>/<wctype.h>;
     * the symbol is exported (the macro shadows it for C callers). */
    iswalnum; iswalpha; iswblank; iswcntrl; iswdigit; iswgraph; iswlower;
    iswprint; iswpunct; iswspace; iswupper; iswxdigit;
    iswctype; wctype; wctrans; towctrans; towlower; towupper;
    wcwidth; wcswidth;
    iswalnum_l; iswalpha_l; iswblank_l; iswcntrl_l; iswdigit_l; iswgraph_l;
    iswlower_l; iswprint_l; iswpunct_l; iswspace_l; iswupper_l; iswxdigit_l;
    iswctype_l; wctype_l; wctrans_l; towctrans_l; towlower_l; towupper_l;

    /* <wchar.h> — musl src/string wcs and wmem families + src/multibyte (btowc/wctob/
     * mbsrtowcs/...) + src/stdlib/{wcstol,wcstod}.c + src/time/wcsftime.c,
     * all compiled in musl_wchar_objs (mbsinit/mbrtowc/wcrtomb/wctomb come from
     * musl_multibyte_objs but <wchar.h> now declares them as public API, so
     * they are listed here to become GLOBAL — libc.map's local: otherwise
     * hides them). wcstoimax/wcstoumax are also declared in <inttypes.h>.
     * The wide-char stdio family below (wprintf/fwprintf/swprintf/wscanf/.../
     * fgetwc/fputwc/fgetws/fputws/ungetwc/fwide/getwc/getwchar/putwc/putwchar/
     * open_wmemstream) is compiled in musl_stdio_objs — its deps (isw families,
     * wcsnlen, btowc/wctob + __c_locale) are now satisfied by musl_wchar_objs +
     * musl_time_objs. Only the *_unlocked and __isoc99_* internal aliases stay
     * hidden (not declared in <wchar.h>, no consumer — same rule as narrow stdio).
     * wcscoll/wcsxfrm/wcscoll_l/wcsxfrm_l are built + exported by the <locale.h>
     * block below (musl_locale_objs); wcsftime_l is a weak_alias in wcsftime.c
     * with no header-decl consumer (hidden). */
    wcscpy; wcsncpy; wcscat; wcsncat; wcscmp; wcsncmp; wcschr; wcsrchr;
    wcscspn; wcsspn; wcspbrk; wcstok; wcslen; wcsnlen; wcsstr; wcswcs;
    wcscasecmp; wcsncasecmp; wcscasecmp_l; wcsncasecmp_l;
    wcsdup; wcpcpy; wcpncpy;
    wmemchr; wmemcmp; wmemcpy; wmemmove; wmemset;
    btowc; wctob; mblen; mbrlen; mbstowcs; wcstombs; mbsrtowcs; wcsrtombs;
    mbsnrtowcs; wcsnrtombs; mbtowc; wctomb;
    mbsinit; mbrtowc; wcrtomb;
    wcstof; wcstod; wcstold; wcstol; wcstoul; wcstoll; wcstoull;
    wcstoimax; wcstoumax;
    wcsftime;
    /* wide-char stdio (musl_stdio_objs, declared in <wchar.h>) */
    fwide; wprintf; fwprintf; swprintf; vwprintf; vfwprintf; vswprintf;
    wscanf; fwscanf; swscanf; vwscanf; vfwscanf; vswscanf;
    fgetwc; getwc; getwchar; fputwc; putwc; putwchar;
    fgetws; fputws; ungetwc; open_wmemstream;

    /* <sys/ioctl.h> */
    ioctl;

    /* <sys/poll.h> */
    poll;
    ppoll;

    /* <sys/epoll.h> */
    epoll_create; epoll_create1; epoll_ctl; epoll_wait; epoll_pwait;

    /* <sys/eventfd.h> */
    eventfd;

    /* <sys/timerfd.h> */
    timerfd_create; timerfd_settime;

    /* <sys/signalfd.h> */
    signalfd;

    /* <sys/mount.h> */
    mount;

    /* <sys/utsname.h> */
    uname;

    /* <sys/syscall.h> — musl src/misc/syscall.c. The indirect-syscall primitive
     * (syscall(number, ...)); used by libc++'s <atomic> wait/wake via
     * syscall(SYS_futex, ...). A thin wrapper over the arch __syscallN; exported
     * because cross-built runtimes (libc++abi __cxa_guard_acquire uses it for
     * futex-based once-init) link against it. */
    syscall;

    /* <sys/random.h> */
    getrandom; getentropy;
    arc4random_buf; arc4random_uniform;

    /* <sys/process.h> */
    execve; fork; getpgid; getsid; setpgid; setsid; spawn; setuid; setgid;

    /* <sys/ipc.h> — 微内核 IPC 用户态入口 */
    ipc_msg; ipc_msg_fd; ipc_msg_resp; ipc_notify; ipc_notify_fd;
    ipc_recv; ipc_req; ipc_resp;

    /* <sys/irq.h> */
    irq_bind;

    /* <sys/pci.h> */
    pci_dev_info_get;

    /* <sys/device.h> */
    device_register; device_register_shm; device_set_meta;

    /* <unistd.h> */
    wait_dev_ready;

    /* 事实 ABI：musl crt1/Scrt1 跨 .so 调用 */
    __libc_start_main;

    /* musl-compatible public ABI used by fused libc internals */
    prctl; strnlen;

    /* Bootstrap stages are reached through find_sym() before normal dynamic
       linking is available, so both must remain in ldso's dynsym. */
    __dls2b;
    __dls3;

    /* <dlfcn.h> — dlopen/dladdr/dl_iterate_phdr from fused dynlink.c; dlsym/dlclose/dlinfo/dlerror from musl_dl_objs (dlerror.c reads musl struct pthread's dlerror_buf/flag at %fs:0, now that musl_pthread provides the full layout). */
    dlopen; dlsym; dlclose; dlerror; dladdr; dlinfo; dl_iterate_phdr;

local:
    *;
};
